// Jest Snapshot v1, https://goo.gl/fbAQLP

exports[`Icon should match snapshot 1`] = `
<Icon
  color="white"
  name="rocket"
  size={24}
/>
`;
